.loop-engineering/iterations/001/diff.patch:26: trailing whitespace.
+- 
.loop-engineering/iterations/001/diff.patch:40: trailing whitespace.
+- 
.loop-engineering/iterations/001/diff.patch:62: trailing whitespace.
+-- 
.loop-engineering/iterations/001/diff.patch:80: trailing whitespace.
+-- 
.loop-engineering/iterations/001/diff.patch:85: trailing whitespace.
+-- 
.loop-engineering/iterations/001/diff.patch:109: trailing whitespace.
+-- 
.loop-engineering/iterations/001/diff.patch:113: trailing whitespace.
+-- 
.loop-engineering/iterations/001/diff.patch:137: trailing whitespace.
+- 
.loop-engineering/iterations/001/diff.patch:152: trailing whitespace.
+- 
.loop-engineering/iterations/001/eval.log:9: trailing whitespace.
++- 
.loop-engineering/iterations/001/eval.log:11: trailing whitespace.
++- 
.loop-engineering/iterations/001/eval.log:13: trailing whitespace.
++-- 
.loop-engineering/iterations/001/eval.log:15: trailing whitespace.
++-- 
.loop-engineering/iterations/001/eval.log:17: trailing whitespace.
++-- 
.loop-engineering/iterations/001/eval.log:19: trailing whitespace.
++-- 
.loop-engineering/iterations/001/eval.log:21: trailing whitespace.
++-- 
.loop-engineering/iterations/001/eval.log:23: trailing whitespace.
++- 
.loop-engineering/iterations/001/eval.log:25: trailing whitespace.
++- 
.loop-engineering/iterations/001/gate-diff_check.log:2: trailing whitespace.
++- 
.loop-engineering/iterations/001/gate-diff_check.log:4: trailing whitespace.
++- 
.loop-engineering/iterations/001/gate-diff_check.log:6: trailing whitespace.
++-- 
.loop-engineering/iterations/001/gate-diff_check.log:8: trailing whitespace.
++-- 
.loop-engineering/iterations/001/gate-diff_check.log:10: trailing whitespace.
++-- 
.loop-engineering/iterations/001/gate-diff_check.log:12: trailing whitespace.
++-- 
.loop-engineering/iterations/001/gate-diff_check.log:14: trailing whitespace.
++-- 
.loop-engineering/iterations/001/gate-diff_check.log:16: trailing whitespace.
++- 
.loop-engineering/iterations/001/gate-diff_check.log:18: trailing whitespace.
++- 
.loop-engineering/iterations/002/diff.patch:26: trailing whitespace.
+- 
.loop-engineering/iterations/002/diff.patch:42: trailing whitespace.
+  
.loop-engineering/iterations/002/diff.patch:106: trailing whitespace.
++-- 
.loop-engineering/iterations/002/diff.patch:124: trailing whitespace.
++-- 
.loop-engineering/iterations/002/diff.patch:129: trailing whitespace.
++-- 
.loop-engineering/iterations/002/diff.patch:153: trailing whitespace.
++-- 
.loop-engineering/iterations/002/diff.patch:157: trailing whitespace.
++-- 
.loop-engineering/iterations/002/diff.patch:216: trailing whitespace.
+ - 
.loop-engineering/iterations/002/diff.patch:242: trailing whitespace.
+-- 
.loop-engineering/iterations/002/diff.patch:247: trailing whitespace.
+-- 
.loop-engineering/iterations/002/diff.patch:271: trailing whitespace.
+-- 
.loop-engineering/iterations/002/diff.patch:275: trailing whitespace.
+-- 
.loop-engineering/iterations/002/diff.patch:372: trailing whitespace.
+- 
.loop-engineering/iterations/002/diff.patch:438: trailing whitespace.
+++- 
.loop-engineering/iterations/002/diff.patch:440: trailing whitespace.
+++- 
.loop-engineering/iterations/002/diff.patch:442: trailing whitespace.
+++-- 
.loop-engineering/iterations/002/diff.patch:444: trailing whitespace.
+++-- 
.loop-engineering/iterations/002/diff.patch:446: trailing whitespace.
+++-- 
.loop-engineering/iterations/002/diff.patch:448: trailing whitespace.
+++-- 
.loop-engineering/iterations/002/diff.patch:450: trailing whitespace.
+++-- 
.loop-engineering/iterations/002/diff.patch:452: trailing whitespace.
+++- 
.loop-engineering/iterations/002/diff.patch:454: trailing whitespace.
+++- 
.loop-engineering/iterations/002/diff.patch:461: trailing whitespace.
+++- 
.loop-engineering/iterations/002/diff.patch:463: trailing whitespace.
+++- 
.loop-engineering/iterations/002/diff.patch:465: trailing whitespace.
+++-- 
.loop-engineering/iterations/002/diff.patch:467: trailing whitespace.
+++-- 
.loop-engineering/iterations/002/diff.patch:469: trailing whitespace.
+++-- 
.loop-engineering/iterations/002/diff.patch:471: trailing whitespace.
+++-- 
.loop-engineering/iterations/002/diff.patch:473: trailing whitespace.
+++-- 
.loop-engineering/iterations/002/diff.patch:475: trailing whitespace.
+++- 
.loop-engineering/iterations/002/diff.patch:477: trailing whitespace.
+++- 
.loop-engineering/iterations/002/diff.patch:503: trailing whitespace.
+ 
.loop-engineering/iterations/002/diff.patch:524: trailing whitespace.
+- 
.loop-engineering/iterations/002/diff.patch:538: trailing whitespace.
+- 
.loop-engineering/iterations/002/diff.patch:559: trailing whitespace.
+-+ 
.loop-engineering/iterations/002/diff.patch:573: trailing whitespace.
+-+ 
.loop-engineering/iterations/002/diff.patch:595: trailing whitespace.
+-+- 
.loop-engineering/iterations/002/diff.patch:613: trailing whitespace.
+-+- 
.loop-engineering/iterations/002/diff.patch:618: trailing whitespace.
+-+- 
.loop-engineering/iterations/002/diff.patch:642: trailing whitespace.
+-+- 
.loop-engineering/iterations/002/diff.patch:646: trailing whitespace.
+-+- 
.loop-engineering/iterations/002/diff.patch:670: trailing whitespace.
+-+ 
.loop-engineering/iterations/002/diff.patch:688: trailing whitespace.
+-+ 
.loop-engineering/iterations/002/diff.patch:705: trailing whitespace.
+-  
.loop-engineering/iterations/002/diff.patch:731: trailing whitespace.
+-- 
.loop-engineering/iterations/002/diff.patch:736: trailing whitespace.
+-- 
.loop-engineering/iterations/002/diff.patch:760: trailing whitespace.
+-- 
.loop-engineering/iterations/002/diff.patch:764: trailing whitespace.
+-- 
.loop-engineering/iterations/002/diff.patch:826: trailing whitespace.
+- 
.loop-engineering/iterations/002/diff.patch:837: trailing whitespace.
+- 
.loop-engineering/iterations/002/diff.patch:881: trailing whitespace.
+- 
.loop-engineering/iterations/002/diff.patch:896: trailing whitespace.
+- 
.loop-engineering/iterations/002/diff.patch:913: trailing whitespace.
+- 
.loop-engineering/iterations/002/eval.log:9: trailing whitespace.
++- 
.loop-engineering/iterations/002/eval.log:11: trailing whitespace.
++- 
.loop-engineering/iterations/002/eval.log:13: trailing whitespace.
++-- 
.loop-engineering/iterations/002/eval.log:15: trailing whitespace.
++-- 
.loop-engineering/iterations/002/eval.log:17: trailing whitespace.
++-- 
.loop-engineering/iterations/002/eval.log:19: trailing whitespace.
++-- 
.loop-engineering/iterations/002/eval.log:21: trailing whitespace.
++-- 
.loop-engineering/iterations/002/eval.log:23: trailing whitespace.
++- 
.loop-engineering/iterations/002/eval.log:25: trailing whitespace.
++- 
.loop-engineering/iterations/002/eval.log:27: trailing whitespace.
+++- 
.loop-engineering/iterations/002/eval.log:29: trailing whitespace.
+++- 
.loop-engineering/iterations/002/eval.log:31: trailing whitespace.
+++-- 
.loop-engineering/iterations/002/eval.log:33: trailing whitespace.
+++-- 
.loop-engineering/iterations/002/eval.log:35: trailing whitespace.
+++-- 
.loop-engineering/iterations/002/eval.log:37: trailing whitespace.
+++-- 
.loop-engineering/iterations/002/eval.log:39: trailing whitespace.
+++-- 
.loop-engineering/iterations/002/eval.log:41: trailing whitespace.
+++- 
.loop-engineering/iterations/002/eval.log:43: trailing whitespace.
+++- 
.loop-engineering/iterations/002/eval.log:45: trailing whitespace.
+++- 
.loop-engineering/iterations/002/eval.log:47: trailing whitespace.
+++- 
.loop-engineering/iterations/002/eval.log:49: trailing whitespace.
+++-- 
.loop-engineering/iterations/002/eval.log:51: trailing whitespace.
+++-- 
.loop-engineering/iterations/002/eval.log:53: trailing whitespace.
+++-- 
.loop-engineering/iterations/002/eval.log:55: trailing whitespace.
+++-- 
.loop-engineering/iterations/002/eval.log:57: trailing whitespace.
+++-- 
.loop-engineering/iterations/002/eval.log:59: trailing whitespace.
+++- 
.loop-engineering/iterations/002/eval.log:61: trailing whitespace.
+++- 
.loop-engineering/iterations/002/eval.log:63: trailing whitespace.
++- 
.loop-engineering/iterations/002/eval.log:65: trailing whitespace.
++  
.loop-engineering/iterations/002/eval.log:67: trailing whitespace.
+++-- 
.loop-engineering/iterations/002/eval.log:69: trailing whitespace.
+++-- 
.loop-engineering/iterations/002/eval.log:71: trailing whitespace.
+++-- 
.loop-engineering/iterations/002/eval.log:73: trailing whitespace.
+++-- 
.loop-engineering/iterations/002/eval.log:75: trailing whitespace.
+++-- 
.loop-engineering/iterations/002/eval.log:77: trailing whitespace.
++ - 
.loop-engineering/iterations/002/eval.log:79: trailing whitespace.
++-- 
.loop-engineering/iterations/002/eval.log:81: trailing whitespace.
++-- 
.loop-engineering/iterations/002/eval.log:83: trailing whitespace.
++-- 
.loop-engineering/iterations/002/eval.log:85: trailing whitespace.
++-- 
.loop-engineering/iterations/002/eval.log:87: trailing whitespace.
++- 
.loop-engineering/iterations/002/eval.log:89: trailing whitespace.
++++- 
.loop-engineering/iterations/002/eval.log:91: trailing whitespace.
++++- 
.loop-engineering/iterations/002/eval.log:93: trailing whitespace.
++++-- 
.loop-engineering/iterations/002/eval.log:95: trailing whitespace.
++++-- 
.loop-engineering/iterations/002/eval.log:97: trailing whitespace.
++++-- 
.loop-engineering/iterations/002/eval.log:99: trailing whitespace.
++++-- 
.loop-engineering/iterations/002/eval.log:101: trailing whitespace.
++++-- 
.loop-engineering/iterations/002/eval.log:103: trailing whitespace.
++++- 
.loop-engineering/iterations/002/eval.log:105: trailing whitespace.
++++- 
.loop-engineering/iterations/002/eval.log:107: trailing whitespace.
++++- 
.loop-engineering/iterations/002/eval.log:109: trailing whitespace.
++++- 
.loop-engineering/iterations/002/eval.log:111: trailing whitespace.
++++-- 
.loop-engineering/iterations/002/eval.log:113: trailing whitespace.
++++-- 
.loop-engineering/iterations/002/eval.log:115: trailing whitespace.
++++-- 
.loop-engineering/iterations/002/eval.log:117: trailing whitespace.
++++-- 
.loop-engineering/iterations/002/eval.log:119: trailing whitespace.
++++-- 
.loop-engineering/iterations/002/eval.log:121: trailing whitespace.
++++- 
.loop-engineering/iterations/002/eval.log:123: trailing whitespace.
++++- 
.loop-engineering/iterations/002/eval.log:125: trailing whitespace.
++ 
.loop-engineering/iterations/002/eval.log:127: trailing whitespace.
++- 
.loop-engineering/iterations/002/eval.log:129: trailing whitespace.
++- 
.loop-engineering/iterations/002/eval.log:131: trailing whitespace.
++-+ 
.loop-engineering/iterations/002/eval.log:133: trailing whitespace.
++-+ 
.loop-engineering/iterations/002/eval.log:135: trailing whitespace.
++-+- 
.loop-engineering/iterations/002/eval.log:137: trailing whitespace.
++-+- 
.loop-engineering/iterations/002/eval.log:139: trailing whitespace.
++-+- 
.loop-engineering/iterations/002/eval.log:141: trailing whitespace.
++-+- 
.loop-engineering/iterations/002/eval.log:143: trailing whitespace.
++-+- 
.loop-engineering/iterations/002/eval.log:145: trailing whitespace.
++-+ 
.loop-engineering/iterations/002/eval.log:147: trailing whitespace.
++-+ 
.loop-engineering/iterations/002/eval.log:149: trailing whitespace.
++-  
.loop-engineering/iterations/002/eval.log:151: trailing whitespace.
++-- 
.loop-engineering/iterations/002/eval.log:153: trailing whitespace.
++-- 
.loop-engineering/iterations/002/eval.log:155: trailing whitespace.
++-- 
.loop-engineering/iterations/002/eval.log:157: trailing whitespace.
++-- 
.loop-engineering/iterations/002/eval.log:159: trailing whitespace.
++- 
.loop-engineering/iterations/002/eval.log:161: trailing whitespace.
++- 
.loop-engineering/iterations/002/eval.log:163: trailing whitespace.
++- 
.loop-engineering/iterations/002/eval.log:165: trailing whitespace.
++- 
.loop-engineering/iterations/002/eval.log:167: trailing whitespace.
++- 
.loop-engineering/iterations/002/gate-diff_check.log:2: trailing whitespace.
++- 
.loop-engineering/iterations/002/gate-diff_check.log:4: trailing whitespace.
++- 
.loop-engineering/iterations/002/gate-diff_check.log:6: trailing whitespace.
++-- 
.loop-engineering/iterations/002/gate-diff_check.log:8: trailing whitespace.
++-- 
.loop-engineering/iterations/002/gate-diff_check.log:10: trailing whitespace.
++-- 
.loop-engineering/iterations/002/gate-diff_check.log:12: trailing whitespace.
++-- 
.loop-engineering/iterations/002/gate-diff_check.log:14: trailing whitespace.
++-- 
.loop-engineering/iterations/002/gate-diff_check.log:16: trailing whitespace.
++- 
.loop-engineering/iterations/002/gate-diff_check.log:18: trailing whitespace.
++- 
.loop-engineering/iterations/002/gate-diff_check.log:20: trailing whitespace.
+++- 
.loop-engineering/iterations/002/gate-diff_check.log:22: trailing whitespace.
+++- 
.loop-engineering/iterations/002/gate-diff_check.log:24: trailing whitespace.
+++-- 
.loop-engineering/iterations/002/gate-diff_check.log:26: trailing whitespace.
+++-- 
.loop-engineering/iterations/002/gate-diff_check.log:28: trailing whitespace.
+++-- 
.loop-engineering/iterations/002/gate-diff_check.log:30: trailing whitespace.
+++-- 
.loop-engineering/iterations/002/gate-diff_check.log:32: trailing whitespace.
+++-- 
.loop-engineering/iterations/002/gate-diff_check.log:34: trailing whitespace.
+++- 
.loop-engineering/iterations/002/gate-diff_check.log:36: trailing whitespace.
+++- 
.loop-engineering/iterations/002/gate-diff_check.log:38: trailing whitespace.
+++- 
.loop-engineering/iterations/002/gate-diff_check.log:40: trailing whitespace.
+++- 
.loop-engineering/iterations/002/gate-diff_check.log:42: trailing whitespace.
+++-- 
.loop-engineering/iterations/002/gate-diff_check.log:44: trailing whitespace.
+++-- 
.loop-engineering/iterations/002/gate-diff_check.log:46: trailing whitespace.
+++-- 
.loop-engineering/iterations/002/gate-diff_check.log:48: trailing whitespace.
+++-- 
.loop-engineering/iterations/002/gate-diff_check.log:50: trailing whitespace.
+++-- 
.loop-engineering/iterations/002/gate-diff_check.log:52: trailing whitespace.
+++- 
.loop-engineering/iterations/002/gate-diff_check.log:54: trailing whitespace.
+++- 
.loop-engineering/iterations/002/gate-diff_check.log:56: trailing whitespace.
++- 
.loop-engineering/iterations/002/gate-diff_check.log:58: trailing whitespace.
++  
.loop-engineering/iterations/002/gate-diff_check.log:60: trailing whitespace.
+++-- 
.loop-engineering/iterations/002/gate-diff_check.log:62: trailing whitespace.
+++-- 
.loop-engineering/iterations/002/gate-diff_check.log:64: trailing whitespace.
+++-- 
.loop-engineering/iterations/002/gate-diff_check.log:66: trailing whitespace.
+++-- 
.loop-engineering/iterations/002/gate-diff_check.log:68: trailing whitespace.
+++-- 
.loop-engineering/iterations/002/gate-diff_check.log:70: trailing whitespace.
++ - 
.loop-engineering/iterations/002/gate-diff_check.log:72: trailing whitespace.
++-- 
.loop-engineering/iterations/002/gate-diff_check.log:74: trailing whitespace.
++-- 
.loop-engineering/iterations/002/gate-diff_check.log:76: trailing whitespace.
++-- 
.loop-engineering/iterations/002/gate-diff_check.log:78: trailing whitespace.
++-- 
.loop-engineering/iterations/002/gate-diff_check.log:80: trailing whitespace.
++- 
.loop-engineering/iterations/002/gate-diff_check.log:82: trailing whitespace.
++++- 
.loop-engineering/iterations/002/gate-diff_check.log:84: trailing whitespace.
++++- 
.loop-engineering/iterations/002/gate-diff_check.log:86: trailing whitespace.
++++-- 
.loop-engineering/iterations/002/gate-diff_check.log:88: trailing whitespace.
++++-- 
.loop-engineering/iterations/002/gate-diff_check.log:90: trailing whitespace.
++++-- 
.loop-engineering/iterations/002/gate-diff_check.log:92: trailing whitespace.
++++-- 
.loop-engineering/iterations/002/gate-diff_check.log:94: trailing whitespace.
++++-- 
.loop-engineering/iterations/002/gate-diff_check.log:96: trailing whitespace.
++++- 
.loop-engineering/iterations/002/gate-diff_check.log:98: trailing whitespace.
++++- 
.loop-engineering/iterations/002/gate-diff_check.log:100: trailing whitespace.
++++- 
.loop-engineering/iterations/002/gate-diff_check.log:102: trailing whitespace.
++++- 
.loop-engineering/iterations/002/gate-diff_check.log:104: trailing whitespace.
++++-- 
.loop-engineering/iterations/002/gate-diff_check.log:106: trailing whitespace.
++++-- 
.loop-engineering/iterations/002/gate-diff_check.log:108: trailing whitespace.
++++-- 
.loop-engineering/iterations/002/gate-diff_check.log:110: trailing whitespace.
++++-- 
.loop-engineering/iterations/002/gate-diff_check.log:112: trailing whitespace.
++++-- 
.loop-engineering/iterations/002/gate-diff_check.log:114: trailing whitespace.
++++- 
.loop-engineering/iterations/002/gate-diff_check.log:116: trailing whitespace.
++++- 
.loop-engineering/iterations/002/gate-diff_check.log:118: trailing whitespace.
++ 
.loop-engineering/iterations/002/gate-diff_check.log:120: trailing whitespace.
++- 
.loop-engineering/iterations/002/gate-diff_check.log:122: trailing whitespace.
++- 
.loop-engineering/iterations/002/gate-diff_check.log:124: trailing whitespace.
++-+ 
.loop-engineering/iterations/002/gate-diff_check.log:126: trailing whitespace.
++-+ 
.loop-engineering/iterations/002/gate-diff_check.log:128: trailing whitespace.
++-+- 
.loop-engineering/iterations/002/gate-diff_check.log:130: trailing whitespace.
++-+- 
.loop-engineering/iterations/002/gate-diff_check.log:132: trailing whitespace.
++-+- 
.loop-engineering/iterations/002/gate-diff_check.log:134: trailing whitespace.
++-+- 
.loop-engineering/iterations/002/gate-diff_check.log:136: trailing whitespace.
++-+- 
.loop-engineering/iterations/002/gate-diff_check.log:138: trailing whitespace.
++-+ 
.loop-engineering/iterations/002/gate-diff_check.log:140: trailing whitespace.
++-+ 
.loop-engineering/iterations/002/gate-diff_check.log:142: trailing whitespace.
++-  
.loop-engineering/iterations/002/gate-diff_check.log:144: trailing whitespace.
++-- 
.loop-engineering/iterations/002/gate-diff_check.log:146: trailing whitespace.
++-- 
.loop-engineering/iterations/002/gate-diff_check.log:148: trailing whitespace.
++-- 
.loop-engineering/iterations/002/gate-diff_check.log:150: trailing whitespace.
++-- 
.loop-engineering/iterations/002/gate-diff_check.log:152: trailing whitespace.
++- 
.loop-engineering/iterations/002/gate-diff_check.log:154: trailing whitespace.
++- 
.loop-engineering/iterations/002/gate-diff_check.log:156: trailing whitespace.
++- 
.loop-engineering/iterations/002/gate-diff_check.log:158: trailing whitespace.
++- 
.loop-engineering/iterations/002/gate-diff_check.log:160: trailing whitespace.
++- 
.loop-engineering/iterations/003/diff.patch:26: trailing whitespace.
+- 
.loop-engineering/iterations/003/diff.patch:42: trailing whitespace.
+  
.loop-engineering/iterations/003/diff.patch:106: trailing whitespace.
++-- 
.loop-engineering/iterations/003/diff.patch:124: trailing whitespace.
++-- 
.loop-engineering/iterations/003/diff.patch:129: trailing whitespace.
++-- 
.loop-engineering/iterations/003/diff.patch:153: trailing whitespace.
++-- 
.loop-engineering/iterations/003/diff.patch:157: trailing whitespace.
++-- 
.loop-engineering/iterations/003/diff.patch:216: trailing whitespace.
+ - 
.loop-engineering/iterations/003/diff.patch:242: trailing whitespace.
+-- 
.loop-engineering/iterations/003/diff.patch:247: trailing whitespace.
+-- 
.loop-engineering/iterations/003/diff.patch:271: trailing whitespace.
+-- 
.loop-engineering/iterations/003/diff.patch:275: trailing whitespace.
+-- 
.loop-engineering/iterations/003/diff.patch:372: trailing whitespace.
+- 
.loop-engineering/iterations/003/diff.patch:438: trailing whitespace.
+++- 
.loop-engineering/iterations/003/diff.patch:440: trailing whitespace.
+++- 
.loop-engineering/iterations/003/diff.patch:442: trailing whitespace.
+++-- 
.loop-engineering/iterations/003/diff.patch:444: trailing whitespace.
+++-- 
.loop-engineering/iterations/003/diff.patch:446: trailing whitespace.
+++-- 
.loop-engineering/iterations/003/diff.patch:448: trailing whitespace.
+++-- 
.loop-engineering/iterations/003/diff.patch:450: trailing whitespace.
+++-- 
.loop-engineering/iterations/003/diff.patch:452: trailing whitespace.
+++- 
.loop-engineering/iterations/003/diff.patch:454: trailing whitespace.
+++- 
.loop-engineering/iterations/003/diff.patch:461: trailing whitespace.
+++- 
.loop-engineering/iterations/003/diff.patch:463: trailing whitespace.
+++- 
.loop-engineering/iterations/003/diff.patch:465: trailing whitespace.
+++-- 
.loop-engineering/iterations/003/diff.patch:467: trailing whitespace.
+++-- 
.loop-engineering/iterations/003/diff.patch:469: trailing whitespace.
+++-- 
.loop-engineering/iterations/003/diff.patch:471: trailing whitespace.
+++-- 
.loop-engineering/iterations/003/diff.patch:473: trailing whitespace.
+++-- 
.loop-engineering/iterations/003/diff.patch:475: trailing whitespace.
+++- 
.loop-engineering/iterations/003/diff.patch:477: trailing whitespace.
+++- 
.loop-engineering/iterations/003/diff.patch:503: trailing whitespace.
+ 
.loop-engineering/iterations/003/diff.patch:524: trailing whitespace.
+- 
.loop-engineering/iterations/003/diff.patch:540: trailing whitespace.
+  
.loop-engineering/iterations/003/diff.patch:567: trailing whitespace.
+-+ 
.loop-engineering/iterations/003/diff.patch:581: trailing whitespace.
+-+ 
.loop-engineering/iterations/003/diff.patch:603: trailing whitespace.
+-+- 
.loop-engineering/iterations/003/diff.patch:628: trailing whitespace.
++- 
.loop-engineering/iterations/003/diff.patch:644: trailing whitespace.
++  
.loop-engineering/iterations/003/diff.patch:672: trailing whitespace.
+ +- 
.loop-engineering/iterations/003/diff.patch:690: trailing whitespace.
+ +- 
.loop-engineering/iterations/003/diff.patch:735: trailing whitespace.
+++-- 
.loop-engineering/iterations/003/diff.patch:753: trailing whitespace.
+++-- 
.loop-engineering/iterations/003/diff.patch:758: trailing whitespace.
+++-- 
.loop-engineering/iterations/003/diff.patch:782: trailing whitespace.
+++-- 
.loop-engineering/iterations/003/diff.patch:786: trailing whitespace.
+++-- 
.loop-engineering/iterations/003/diff.patch:810: trailing whitespace.
+ +- 
.loop-engineering/iterations/003/diff.patch:831: trailing whitespace.
+ +- 
.loop-engineering/iterations/003/diff.patch:867: trailing whitespace.
+-+ 
.loop-engineering/iterations/003/diff.patch:885: trailing whitespace.
+-+ 
.loop-engineering/iterations/003/diff.patch:905: trailing whitespace.
++ - 
.loop-engineering/iterations/003/diff.patch:931: trailing whitespace.
++-- 
.loop-engineering/iterations/003/diff.patch:936: trailing whitespace.
++-- 
.loop-engineering/iterations/003/diff.patch:960: trailing whitespace.
++-- 
.loop-engineering/iterations/003/diff.patch:964: trailing whitespace.
++-- 
.loop-engineering/iterations/003/diff.patch:1027: trailing whitespace.
+   
.loop-engineering/iterations/003/diff.patch:1069: trailing whitespace.
+ - 
.loop-engineering/iterations/003/diff.patch:1074: trailing whitespace.
+-- 
.loop-engineering/iterations/003/diff.patch:1110: trailing whitespace.
+-- 
.loop-engineering/iterations/003/diff.patch:1114: trailing whitespace.
+-- 
.loop-engineering/iterations/003/diff.patch:1173: trailing whitespace.
++- 
.loop-engineering/iterations/003/diff.patch:1230: trailing whitespace.
+  
.loop-engineering/iterations/003/diff.patch:1245: trailing whitespace.
+  
.loop-engineering/iterations/003/diff.patch:1253: trailing whitespace.
++++- 
.loop-engineering/iterations/003/diff.patch:1255: trailing whitespace.
++++- 
.loop-engineering/iterations/003/diff.patch:1257: trailing whitespace.
++++-- 
.loop-engineering/iterations/003/diff.patch:1259: trailing whitespace.
++++-- 
.loop-engineering/iterations/003/diff.patch:1261: trailing whitespace.
++++-- 
.loop-engineering/iterations/003/diff.patch:1263: trailing whitespace.
++++-- 
.loop-engineering/iterations/003/diff.patch:1265: trailing whitespace.
++++-- 
.loop-engineering/iterations/003/diff.patch:1267: trailing whitespace.
++++- 
.loop-engineering/iterations/003/diff.patch:1269: trailing whitespace.
++++- 
.loop-engineering/iterations/003/diff.patch:1276: trailing whitespace.
++++- 
.loop-engineering/iterations/003/diff.patch:1278: trailing whitespace.
++++- 
.loop-engineering/iterations/003/diff.patch:1280: trailing whitespace.
++++-- 
.loop-engineering/iterations/003/diff.patch:1282: trailing whitespace.
++++-- 
.loop-engineering/iterations/003/diff.patch:1284: trailing whitespace.
++++-- 
.loop-engineering/iterations/003/diff.patch:1286: trailing whitespace.
++++-- 
.loop-engineering/iterations/003/diff.patch:1288: trailing whitespace.
++++-- 
.loop-engineering/iterations/003/diff.patch:1290: trailing whitespace.
++++- 
.loop-engineering/iterations/003/diff.patch:1292: trailing whitespace.
++++- 
.loop-engineering/iterations/003/diff.patch:1335: trailing whitespace.
++ 
.loop-engineering/iterations/003/diff.patch:1356: trailing whitespace.
++- 
.loop-engineering/iterations/003/diff.patch:1370: trailing whitespace.
++- 
.loop-engineering/iterations/003/diff.patch:1391: trailing whitespace.
++-+ 
.loop-engineering/iterations/003/diff.patch:1405: trailing whitespace.
++-+ 
.loop-engineering/iterations/003/diff.patch:1427: trailing whitespace.
++-+- 
.loop-engineering/iterations/003/diff.patch:1445: trailing whitespace.
++-+- 
.loop-engineering/iterations/003/diff.patch:1450: trailing whitespace.
++-+- 
.loop-engineering/iterations/003/diff.patch:1474: trailing whitespace.
++-+- 
.loop-engineering/iterations/003/diff.patch:1478: trailing whitespace.
++-+- 
.loop-engineering/iterations/003/diff.patch:1502: trailing whitespace.
++-+ 
.loop-engineering/iterations/003/diff.patch:1520: trailing whitespace.
++-+ 
.loop-engineering/iterations/003/diff.patch:1537: trailing whitespace.
++-  
.loop-engineering/iterations/003/diff.patch:1563: trailing whitespace.
++-- 
.loop-engineering/iterations/003/diff.patch:1568: trailing whitespace.
++-- 
.loop-engineering/iterations/003/diff.patch:1592: trailing whitespace.
++-- 
.loop-engineering/iterations/003/diff.patch:1596: trailing whitespace.
++-- 
.loop-engineering/iterations/003/diff.patch:1658: trailing whitespace.
++- 
.loop-engineering/iterations/003/diff.patch:1669: trailing whitespace.
++- 
.loop-engineering/iterations/003/diff.patch:1713: trailing whitespace.
++- 
.loop-engineering/iterations/003/diff.patch:1728: trailing whitespace.
++- 
.loop-engineering/iterations/003/diff.patch:1745: trailing whitespace.
++- 
.loop-engineering/iterations/003/diff.patch:1814: trailing whitespace.
+  
.loop-engineering/iterations/003/diff.patch:1831: trailing whitespace.
+- 
.loop-engineering/iterations/003/diff.patch:1848: trailing whitespace.
+- 
.loop-engineering/iterations/003/diff.patch:1903: trailing whitespace.
+ 
.loop-engineering/iterations/003/diff.patch:1909: trailing whitespace.
+ 
.loop-engineering/iterations/003/diff.patch:1914: trailing whitespace.
+++- 
.loop-engineering/iterations/003/diff.patch:1916: trailing whitespace.
+++- 
.loop-engineering/iterations/003/diff.patch:1918: trailing whitespace.
+++-- 
.loop-engineering/iterations/003/diff.patch:1920: trailing whitespace.
+++-- 
.loop-engineering/iterations/003/diff.patch:1922: trailing whitespace.
+++-- 
.loop-engineering/iterations/003/diff.patch:1924: trailing whitespace.
+++-- 
.loop-engineering/iterations/003/diff.patch:1926: trailing whitespace.
+++-- 
.loop-engineering/iterations/003/diff.patch:1928: trailing whitespace.
+++- 
.loop-engineering/iterations/003/diff.patch:1930: trailing whitespace.
+++- 
.loop-engineering/iterations/003/diff.patch:1932: trailing whitespace.
++++- 
.loop-engineering/iterations/003/diff.patch:1934: trailing whitespace.
++++- 
.loop-engineering/iterations/003/diff.patch:1936: trailing whitespace.
++++-- 
.loop-engineering/iterations/003/diff.patch:1938: trailing whitespace.
++++-- 
.loop-engineering/iterations/003/diff.patch:1940: trailing whitespace.
++++-- 
.loop-engineering/iterations/003/diff.patch:1942: trailing whitespace.
++++-- 
.loop-engineering/iterations/003/diff.patch:1944: trailing whitespace.
++++-- 
.loop-engineering/iterations/003/diff.patch:1946: trailing whitespace.
++++- 
.loop-engineering/iterations/003/diff.patch:1948: trailing whitespace.
++++- 
.loop-engineering/iterations/003/diff.patch:1950: trailing whitespace.
++++- 
.loop-engineering/iterations/003/diff.patch:1952: trailing whitespace.
++++- 
.loop-engineering/iterations/003/diff.patch:1954: trailing whitespace.
++++-- 
.loop-engineering/iterations/003/diff.patch:1956: trailing whitespace.
++++-- 
.loop-engineering/iterations/003/diff.patch:1958: trailing whitespace.
++++-- 
.loop-engineering/iterations/003/diff.patch:1960: trailing whitespace.
++++-- 
.loop-engineering/iterations/003/diff.patch:1962: trailing whitespace.
++++-- 
.loop-engineering/iterations/003/diff.patch:1964: trailing whitespace.
++++- 
.loop-engineering/iterations/003/diff.patch:1966: trailing whitespace.
++++- 
.loop-engineering/iterations/003/diff.patch:1968: trailing whitespace.
+++- 
.loop-engineering/iterations/003/diff.patch:1970: trailing whitespace.
+++  
.loop-engineering/iterations/003/diff.patch:1972: trailing whitespace.
++++-- 
.loop-engineering/iterations/003/diff.patch:1974: trailing whitespace.
++++-- 
.loop-engineering/iterations/003/diff.patch:1976: trailing whitespace.
++++-- 
.loop-engineering/iterations/003/diff.patch:1978: trailing whitespace.
++++-- 
.loop-engineering/iterations/003/diff.patch:1980: trailing whitespace.
++++-- 
.loop-engineering/iterations/003/diff.patch:1982: trailing whitespace.
+++ - 
.loop-engineering/iterations/003/diff.patch:1984: trailing whitespace.
+++-- 
.loop-engineering/iterations/003/diff.patch:1986: trailing whitespace.
+++-- 
.loop-engineering/iterations/003/diff.patch:1988: trailing whitespace.
+++-- 
.loop-engineering/iterations/003/diff.patch:1990: trailing whitespace.
+++-- 
.loop-engineering/iterations/003/diff.patch:1992: trailing whitespace.
+++- 
.loop-engineering/iterations/003/diff.patch:1994: trailing whitespace.
+++++- 
.loop-engineering/iterations/003/diff.patch:1996: trailing whitespace.
+++++- 
.loop-engineering/iterations/003/diff.patch:1998: trailing whitespace.
+++++-- 
.loop-engineering/iterations/003/diff.patch:2000: trailing whitespace.
+++++-- 
.loop-engineering/iterations/003/diff.patch:2002: trailing whitespace.
+++++-- 
.loop-engineering/iterations/003/diff.patch:2004: trailing whitespace.
+++++-- 
.loop-engineering/iterations/003/diff.patch:2006: trailing whitespace.
+++++-- 
.loop-engineering/iterations/003/diff.patch:2008: trailing whitespace.
+++++- 
.loop-engineering/iterations/003/diff.patch:2010: trailing whitespace.
+++++- 
.loop-engineering/iterations/003/diff.patch:2012: trailing whitespace.
+++++- 
.loop-engineering/iterations/003/diff.patch:2014: trailing whitespace.
+++++- 
.loop-engineering/iterations/003/diff.patch:2016: trailing whitespace.
+++++-- 
.loop-engineering/iterations/003/diff.patch:2018: trailing whitespace.
+++++-- 
.loop-engineering/iterations/003/diff.patch:2020: trailing whitespace.
+++++-- 
.loop-engineering/iterations/003/diff.patch:2022: trailing whitespace.
+++++-- 
.loop-engineering/iterations/003/diff.patch:2024: trailing whitespace.
+++++-- 
.loop-engineering/iterations/003/diff.patch:2026: trailing whitespace.
+++++- 
.loop-engineering/iterations/003/diff.patch:2028: trailing whitespace.
+++++- 
.loop-engineering/iterations/003/diff.patch:2030: trailing whitespace.
+++ 
.loop-engineering/iterations/003/diff.patch:2032: trailing whitespace.
+++- 
.loop-engineering/iterations/003/diff.patch:2034: trailing whitespace.
+++- 
.loop-engineering/iterations/003/diff.patch:2036: trailing whitespace.
+++-+ 
.loop-engineering/iterations/003/diff.patch:2038: trailing whitespace.
+++-+ 
.loop-engineering/iterations/003/diff.patch:2040: trailing whitespace.
+++-+- 
.loop-engineering/iterations/003/diff.patch:2042: trailing whitespace.
+++-+- 
.loop-engineering/iterations/003/diff.patch:2044: trailing whitespace.
+++-+- 
.loop-engineering/iterations/003/diff.patch:2046: trailing whitespace.
+++-+- 
.loop-engineering/iterations/003/diff.patch:2048: trailing whitespace.
+++-+- 
.loop-engineering/iterations/003/diff.patch:2050: trailing whitespace.
+++-+ 
.loop-engineering/iterations/003/diff.patch:2052: trailing whitespace.
+++-+ 
.loop-engineering/iterations/003/diff.patch:2054: trailing whitespace.
+++-  
.loop-engineering/iterations/003/diff.patch:2056: trailing whitespace.
+++-- 
.loop-engineering/iterations/003/diff.patch:2058: trailing whitespace.
+++-- 
.loop-engineering/iterations/003/diff.patch:2060: trailing whitespace.
+++-- 
.loop-engineering/iterations/003/diff.patch:2062: trailing whitespace.
+++-- 
.loop-engineering/iterations/003/diff.patch:2064: trailing whitespace.
+++- 
.loop-engineering/iterations/003/diff.patch:2066: trailing whitespace.
+++- 
.loop-engineering/iterations/003/diff.patch:2068: trailing whitespace.
+++- 
.loop-engineering/iterations/003/diff.patch:2070: trailing whitespace.
+++- 
.loop-engineering/iterations/003/diff.patch:2072: trailing whitespace.
+++- 
.loop-engineering/iterations/003/diff.patch:2079: trailing whitespace.
+++- 
.loop-engineering/iterations/003/diff.patch:2081: trailing whitespace.
+++- 
.loop-engineering/iterations/003/diff.patch:2083: trailing whitespace.
+++-- 
.loop-engineering/iterations/003/diff.patch:2085: trailing whitespace.
+++-- 
.loop-engineering/iterations/003/diff.patch:2087: trailing whitespace.
+++-- 
.loop-engineering/iterations/003/diff.patch:2089: trailing whitespace.
+++-- 
.loop-engineering/iterations/003/diff.patch:2091: trailing whitespace.
+++-- 
.loop-engineering/iterations/003/diff.patch:2093: trailing whitespace.
+++- 
.loop-engineering/iterations/003/diff.patch:2095: trailing whitespace.
+++- 
.loop-engineering/iterations/003/diff.patch:2097: trailing whitespace.
++++- 
.loop-engineering/iterations/003/diff.patch:2099: trailing whitespace.
++++- 
.loop-engineering/iterations/003/diff.patch:2101: trailing whitespace.
++++-- 
.loop-engineering/iterations/003/diff.patch:2103: trailing whitespace.
++++-- 
.loop-engineering/iterations/003/diff.patch:2105: trailing whitespace.
++++-- 
.loop-engineering/iterations/003/diff.patch:2107: trailing whitespace.
++++-- 
.loop-engineering/iterations/003/diff.patch:2109: trailing whitespace.
++++-- 
.loop-engineering/iterations/003/diff.patch:2111: trailing whitespace.
++++- 
.loop-engineering/iterations/003/diff.patch:2113: trailing whitespace.
++++- 
.loop-engineering/iterations/003/diff.patch:2115: trailing whitespace.
++++- 
.loop-engineering/iterations/003/diff.patch:2117: trailing whitespace.
++++- 
.loop-engineering/iterations/003/diff.patch:2119: trailing whitespace.
++++-- 
.loop-engineering/iterations/003/diff.patch:2121: trailing whitespace.
++++-- 
.loop-engineering/iterations/003/diff.patch:2123: trailing whitespace.
++++-- 
.loop-engineering/iterations/003/diff.patch:2125: trailing whitespace.
++++-- 
.loop-engineering/iterations/003/diff.patch:2127: trailing whitespace.
++++-- 
.loop-engineering/iterations/003/diff.patch:2129: trailing whitespace.
++++- 
.loop-engineering/iterations/003/diff.patch:2131: trailing whitespace.
++++- 
.loop-engineering/iterations/003/diff.patch:2133: trailing whitespace.
+++- 
.loop-engineering/iterations/003/diff.patch:2135: trailing whitespace.
+++  
.loop-engineering/iterations/003/diff.patch:2137: trailing whitespace.
++++-- 
.loop-engineering/iterations/003/diff.patch:2139: trailing whitespace.
++++-- 
.loop-engineering/iterations/003/diff.patch:2141: trailing whitespace.
++++-- 
.loop-engineering/iterations/003/diff.patch:2143: trailing whitespace.
++++-- 
.loop-engineering/iterations/003/diff.patch:2145: trailing whitespace.
++++-- 
.loop-engineering/iterations/003/diff.patch:2147: trailing whitespace.
+++ - 
.loop-engineering/iterations/003/diff.patch:2149: trailing whitespace.
+++-- 
.loop-engineering/iterations/003/diff.patch:2151: trailing whitespace.
+++-- 
.loop-engineering/iterations/003/diff.patch:2153: trailing whitespace.
+++-- 
.loop-engineering/iterations/003/diff.patch:2155: trailing whitespace.
+++-- 
.loop-engineering/iterations/003/diff.patch:2157: trailing whitespace.
+++- 
.loop-engineering/iterations/003/diff.patch:2159: trailing whitespace.
+++++- 
.loop-engineering/iterations/003/diff.patch:2161: trailing whitespace.
+++++- 
.loop-engineering/iterations/003/diff.patch:2163: trailing whitespace.
+++++-- 
.loop-engineering/iterations/003/diff.patch:2165: trailing whitespace.
+++++-- 
.loop-engineering/iterations/003/diff.patch:2167: trailing whitespace.
+++++-- 
.loop-engineering/iterations/003/diff.patch:2169: trailing whitespace.
+++++-- 
.loop-engineering/iterations/003/diff.patch:2171: trailing whitespace.
+++++-- 
.loop-engineering/iterations/003/diff.patch:2173: trailing whitespace.
+++++- 
.loop-engineering/iterations/003/diff.patch:2175: trailing whitespace.
+++++- 
.loop-engineering/iterations/003/diff.patch:2177: trailing whitespace.
+++++- 
.loop-engineering/iterations/003/diff.patch:2179: trailing whitespace.
+++++- 
.loop-engineering/iterations/003/diff.patch:2181: trailing whitespace.
+++++-- 
.loop-engineering/iterations/003/diff.patch:2183: trailing whitespace.
+++++-- 
.loop-engineering/iterations/003/diff.patch:2185: trailing whitespace.
+++++-- 
.loop-engineering/iterations/003/diff.patch:2187: trailing whitespace.
+++++-- 
.loop-engineering/iterations/003/diff.patch:2189: trailing whitespace.
+++++-- 
.loop-engineering/iterations/003/diff.patch:2191: trailing whitespace.
+++++- 
.loop-engineering/iterations/003/diff.patch:2193: trailing whitespace.
+++++- 
.loop-engineering/iterations/003/diff.patch:2195: trailing whitespace.
+++ 
.loop-engineering/iterations/003/diff.patch:2197: trailing whitespace.
+++- 
.loop-engineering/iterations/003/diff.patch:2199: trailing whitespace.
+++- 
.loop-engineering/iterations/003/diff.patch:2201: trailing whitespace.
+++-+ 
.loop-engineering/iterations/003/diff.patch:2203: trailing whitespace.
+++-+ 
.loop-engineering/iterations/003/diff.patch:2205: trailing whitespace.
+++-+- 
.loop-engineering/iterations/003/diff.patch:2207: trailing whitespace.
+++-+- 
.loop-engineering/iterations/003/diff.patch:2209: trailing whitespace.
+++-+- 
.loop-engineering/iterations/003/diff.patch:2211: trailing whitespace.
+++-+- 
.loop-engineering/iterations/003/diff.patch:2213: trailing whitespace.
+++-+- 
.loop-engineering/iterations/003/diff.patch:2215: trailing whitespace.
+++-+ 
.loop-engineering/iterations/003/diff.patch:2217: trailing whitespace.
+++-+ 
.loop-engineering/iterations/003/diff.patch:2219: trailing whitespace.
+++-  
.loop-engineering/iterations/003/diff.patch:2221: trailing whitespace.
+++-- 
.loop-engineering/iterations/003/diff.patch:2223: trailing whitespace.
+++-- 
.loop-engineering/iterations/003/diff.patch:2225: trailing whitespace.
+++-- 
.loop-engineering/iterations/003/diff.patch:2227: trailing whitespace.
+++-- 
.loop-engineering/iterations/003/diff.patch:2229: trailing whitespace.
+++- 
.loop-engineering/iterations/003/diff.patch:2231: trailing whitespace.
+++- 
.loop-engineering/iterations/003/diff.patch:2233: trailing whitespace.
+++- 
.loop-engineering/iterations/003/diff.patch:2235: trailing whitespace.
+++- 
.loop-engineering/iterations/003/diff.patch:2237: trailing whitespace.
+++- 
.loop-engineering/iterations/003/diff.patch:2263: trailing whitespace.
+ 
.loop-engineering/iterations/003/diff.patch:2291: trailing whitespace.
+- 
.loop-engineering/iterations/003/diff.patch:2305: trailing whitespace.
+- 
.loop-engineering/iterations/003/diff.patch:2326: trailing whitespace.
+-+ 
.loop-engineering/iterations/003/diff.patch:2340: trailing whitespace.
+-+ 
.loop-engineering/iterations/003/diff.patch:2362: trailing whitespace.
+-+- 
.loop-engineering/iterations/003/diff.patch:2380: trailing whitespace.
+-+- 
.loop-engineering/iterations/003/diff.patch:2385: trailing whitespace.
+-+- 
.loop-engineering/iterations/003/diff.patch:2409: trailing whitespace.
+-+- 
.loop-engineering/iterations/003/diff.patch:2413: trailing whitespace.
+-+- 
.loop-engineering/iterations/003/diff.patch:2437: trailing whitespace.
+-+ 
.loop-engineering/iterations/003/diff.patch:2455: trailing whitespace.
+-+ 
.loop-engineering/iterations/003/diff.patch:2472: trailing whitespace.
+-  
.loop-engineering/iterations/003/diff.patch:2498: trailing whitespace.
+-- 
.loop-engineering/iterations/003/diff.patch:2503: trailing whitespace.
+-- 
.loop-engineering/iterations/003/diff.patch:2527: trailing whitespace.
+-- 
.loop-engineering/iterations/003/diff.patch:2531: trailing whitespace.
+-- 
.loop-engineering/iterations/003/diff.patch:2593: trailing whitespace.
+- 
.loop-engineering/iterations/003/diff.patch:2604: trailing whitespace.
+- 
.loop-engineering/iterations/003/diff.patch:2649: trailing whitespace.
+- 
.loop-engineering/iterations/003/diff.patch:2664: trailing whitespace.
+- 
.loop-engineering/iterations/003/diff.patch:2681: trailing whitespace.
+- 
